// Jest Snapshot v1, https://goo.gl/fbAQLP

exports[`matches snapshot 1`] = `
<DocumentFragment>
  <div
    class="App"
  >
    <div>
      <h1>
        Todo List
      </h1>
      <form
        class="NewTodoForm"
      >
        <label
          for="name"
        >
          Name of Task
        </label>
        <input
          id="name"
          name="name"
          placeholder="Name of Task"
          type="text"
          value=""
        />
        <button>
          Add Task
        </button>
      </form>
      <div />
    </div>
  </div>
</DocumentFragment>
`;
